../Core/Src/main.c:129:6:HAL_GPIO_EXTI_Callback	16	static
../Core/Src/main.c:139:6:HAL_UART_RxCpltCallback	16	static
../Core/Src/main.c:159:6:set_pwm_motor	16	static
../Core/Src/main.c:187:6:set_dc_motor	32	static
../Core/Src/main.c:227:6:setLEDState	16	static
../Core/Src/main.c:257:6:handle_setup_mode	520	static
../Core/Src/main.c:289:6:prompt_and_receive	528	static
../Core/Src/main.c:300:6:HAL_TIM_PeriodElapsedCallback	24	static
../Core/Src/main.c:338:6:HAL_TIM_IC_CaptureCallback	16	static
../Core/Src/main.c:369:5:get_zone_pwm	16	static
../Core/Src/main.c:427:6:update_display	48	static
../Core/Src/main.c:484:9:get_adc_value	16	static
../Core/Src/main.c:497:5:update_current_water_reservoir_depth	16	static
../Core/Src/main.c:532:6:display_value_on_timer_board	24	static
../Core/Src/main.c:562:5:within_time_interval	24	static
../Core/Src/main.c:587:5:main	32	static,ignoring_inline_asm
../Core/Src/main.c:789:6:SystemClock_Config	88	static
../Core/Src/main.c:831:13:MX_ADC1_Init	24	static
../Core/Src/main.c:883:13:MX_TIM1_Init	48	static
../Core/Src/main.c:942:13:MX_TIM3_Init	48	static
../Core/Src/main.c:995:13:MX_TIM4_Init	32	static
../Core/Src/main.c:1040:13:MX_TIM5_Init	64	static
../Core/Src/main.c:1099:13:MX_TIM9_Init	24	static
../Core/Src/main.c:1137:13:MX_USART6_UART_Init	8	static
../Core/Src/main.c:1170:13:MX_GPIO_Init	48	static
../Core/Src/main.c:1244:6:Error_Handler	4	static,ignoring_inline_asm
