../Core/Src/main.c:79:7:HCSR04_TRIG_PULSE	24	static
../Core/Src/main.c:76:5:main	272	static
../Core/Src/main.c:167:6:SystemClock_Config	88	static
../Core/Src/main.c:209:13:MX_TIM1_Init	48	static
../Core/Src/main.c:268:13:MX_TIM2_Init	48	static
../Core/Src/main.c:326:13:MX_TIM3_Init	48	static
../Core/Src/main.c:384:13:MX_USART6_UART_Init	8	static
../Core/Src/main.c:417:13:MX_GPIO_Init	48	static
../Core/Src/main.c:450:8:HAL_TIM_IC_CaptureCallback	16	static
../Core/Src/main.c:477:6:Error_Handler	4	static,ignoring_inline_asm
