17:16:17 **** Incremental Build of configuration Debug for project HCSR04_Test ****
make -j8 all 
arm-none-eabi-gcc "../Core/Src/main.c" -mcpu=cortex-m4 -std=gnu11 -g3 -DDEBUG -DUSE_HAL_DRIVER -DSTM32F401xE -c -I../Core/Inc -I../Drivers/STM32F4xx_HAL_Driver/Inc -I../Drivers/STM32F4xx_HAL_Driver/Inc/Legacy -I../Drivers/CMSIS/Device/ST/STM32F4xx/Include -I../Drivers/CMSIS/Include -O0 -ffunction-sections -fdata-sections -Wall -fstack-usage -fcyclomatic-complexity -MMD -MP -MF"Core/Src/main.d" -MT"Core/Src/main.o" --specs=nano.specs -mfpu=fpv4-sp-d16 -mfloat-abi=hard -mthumb -o "Core/Src/main.o"
../Core/Src/main.c: In function 'main':
../Core/Src/main.c:156:38: warning: pointer targets in passing argument 2 of 'HAL_UART_Transmit' differ in signedness [-Wpointer-sign]
  156 |           HAL_UART_Transmit(&huart6, "lol", 3, 1000);
      |                                      ^~~~~
      |                                      |
      |                                      char *
In file included from ../Core/Inc/stm32f4xx_hal_conf.h:411,
                 from ../Drivers/STM32F4xx_HAL_Driver/Inc/stm32f4xx_hal.h:29,
                 from ../Core/Inc/main.h:30,
                 from ../Core/Src/main.c:20:
../Drivers/STM32F4xx_HAL_Driver/Inc/stm32f4xx_hal_uart.h:722:79: note: expected 'const uint8_t *' {aka 'const unsigned char *'} but argument is of type 'char *'
  722 | HAL_StatusTypeDef HAL_UART_Transmit(UART_HandleTypeDef *huart, const uint8_t *pData, uint16_t Size, uint32_t Timeout);
      |                                                                ~~~~~~~~~~~~~~~^~~~~
../Core/Src/main.c:164:7: warning: implicit declaration of function 'sprintf' [-Wimplicit-function-declaration]
  164 |       sprintf((char*)txd_msg_buffer, " ECHO Pulse Width (usec): %d \r\n", time_diff);
      |       ^~~~~~~
../Core/Src/main.c:22:1: note: include '<stdio.h>' or provide a declaration of 'sprintf'
   21 | #include "string.h"
  +++ |+#include <stdio.h>
   22 | 
../Core/Src/main.c:164:7: warning: incompatible implicit declaration of built-in function 'sprintf' [-Wbuiltin-declaration-mismatch]
  164 |       sprintf((char*)txd_msg_buffer, " ECHO Pulse Width (usec): %d \r\n", time_diff);
      |       ^~~~~~~
../Core/Src/main.c:164:7: note: include '<stdio.h>' or provide a declaration of 'sprintf'
arm-none-eabi-gcc -o "HCSR04_Test.elf" @"objects.list"   -mcpu=cortex-m4 -T"C:\Users\Kago\Desktop\ECE298\stm32_ide_workspace\HCSR04_Test\STM32F401RETX_FLASH.ld" --specs=nosys.specs -Wl,-Map="HCSR04_Test.map" -Wl,--gc-sections -static --specs=nano.specs -mfpu=fpv4-sp-d16 -mfloat-abi=hard -mthumb -Wl,--start-group -lc -lm -Wl,--end-group
Finished building target: HCSR04_Test.elf
 
arm-none-eabi-size   HCSR04_Test.elf 
arm-none-eabi-objdump -h -S  HCSR04_Test.elf  > "HCSR04_Test.list"
   text	   data	    bss	    dec	    hex	filename
  18156	    100	   2116	  20372	   4f94	HCSR04_Test.elf
Finished building: default.size.stdout
 
Finished building: HCSR04_Test.list
 

17:16:19 Build Finished. 0 errors, 3 warnings. (took 1s.618ms)

