12:37:11 **** Incremental Build of configuration Debug for project PWM_DC_Motor ****
make -j8 all 
arm-none-eabi-gcc "../Core/Src/main.c" -mcpu=cortex-m4 -std=gnu11 -g3 -DDEBUG -DUSE_HAL_DRIVER -DSTM32F401xE -c -I../Core/Inc -I../Drivers/STM32F4xx_HAL_Driver/Inc -I../Drivers/STM32F4xx_HAL_Driver/Inc/Legacy -I../Drivers/CMSIS/Device/ST/STM32F4xx/Include -I../Drivers/CMSIS/Include -O0 -ffunction-sections -fdata-sections -Wall -fstack-usage -fcyclomatic-complexity -MMD -MP -MF"Core/Src/main.d" -MT"Core/Src/main.o" --specs=nano.specs -mfpu=fpv4-sp-d16 -mfloat-abi=hard -mthumb -o "Core/Src/main.o"
arm-none-eabi-gcc -o "PWM_DC_Motor.elf" @"objects.list"   -mcpu=cortex-m4 -T"C:\Users\Kago\Desktop\ECE298\stm32_ide_workspace\PWM_DC_Motor\STM32F401RETX_FLASH.ld" --specs=nosys.specs -Wl,-Map="PWM_DC_Motor.map" -Wl,--gc-sections -static --specs=nano.specs -mfpu=fpv4-sp-d16 -mfloat-abi=hard -mthumb -Wl,--start-group -lc -lm -Wl,--end-group
Finished building target: PWM_DC_Motor.elf
 
arm-none-eabi-size   PWM_DC_Motor.elf 
arm-none-eabi-objdump -h -S  PWM_DC_Motor.elf  > "PWM_DC_Motor.list"
   text	   data	    bss	    dec	    hex	filename
  12164	     20	   1780	  13964	   368c	PWM_DC_Motor.elf
Finished building: default.size.stdout
 
Finished building: PWM_DC_Motor.list
 

12:37:12 Build Finished. 0 errors, 0 warnings. (took 775ms)

