10:26:29 **** Incremental Build of configuration Debug for project Servo_Test ****
make -j8 all 
arm-none-eabi-gcc "../Core/Src/main.c" -mcpu=cortex-m4 -std=gnu11 -g3 -DDEBUG -DUSE_HAL_DRIVER -DSTM32F401xE -c -I../Core/Inc -I../Drivers/STM32F4xx_HAL_Driver/Inc -I../Drivers/STM32F4xx_HAL_Driver/Inc/Legacy -I../Drivers/CMSIS/Device/ST/STM32F4xx/Include -I../Drivers/CMSIS/Include -O0 -ffunction-sections -fdata-sections -Wall -fstack-usage -fcyclomatic-complexity -MMD -MP -MF"Core/Src/main.d" -MT"Core/Src/main.o" --specs=nano.specs -mfpu=fpv4-sp-d16 -mfloat-abi=hard -mthumb -o "Core/Src/main.o"
arm-none-eabi-gcc -o "Servo_Test.elf" @"objects.list"   -mcpu=cortex-m4 -T"C:\Users\Kago\Desktop\ECE298\stm32_ide_workspace\Servo_Test\STM32F401RETX_FLASH.ld" --specs=nosys.specs -Wl,-Map="Servo_Test.map" -Wl,--gc-sections -static --specs=nano.specs -mfpu=fpv4-sp-d16 -mfloat-abi=hard -mthumb -Wl,--start-group -lc -lm -Wl,--end-group
Finished building target: Servo_Test.elf
 
arm-none-eabi-size   Servo_Test.elf 
arm-none-eabi-objdump -h -S  Servo_Test.elf  > "Servo_Test.list"
   text	   data	    bss	    dec	    hex	filename
  11536	     20	   1708	  13264	   33d0	Servo_Test.elf
Finished building: default.size.stdout
 
Finished building: Servo_Test.list
 

10:26:30 Build Finished. 0 errors, 0 warnings. (took 1s.440ms)

