12:01:54 **** Incremental Build of configuration Debug for project Wall_Clock ****
make -j8 all 
arm-none-eabi-gcc "../Core/Src/main.c" -mcpu=cortex-m4 -std=gnu11 -g3 -DDEBUG -DUSE_HAL_DRIVER -DSTM32F401xE -c -I../Core/Inc -I../Drivers/STM32F4xx_HAL_Driver/Inc -I../Drivers/STM32F4xx_HAL_Driver/Inc/Legacy -I../Drivers/CMSIS/Device/ST/STM32F4xx/Include -I../Drivers/CMSIS/Include -O0 -ffunction-sections -fdata-sections -Wall -fstack-usage -fcyclomatic-complexity -MMD -MP -MF"Core/Src/main.d" -MT"Core/Src/main.o" --specs=nano.specs -mfpu=fpv4-sp-d16 -mfloat-abi=hard -mthumb -o "Core/Src/main.o"
../Core/Src/main.c: In function 'main':
../Core/Src/main.c:144:11: warning: implicit declaration of function 'sprintf' [-Wimplicit-function-declaration]
  144 |           sprintf(txd_msg_buffer, "\e[1;1H\e[2J");
      |           ^~~~~~~
../Core/Src/main.c:21:1: note: include '<stdio.h>' or provide a declaration of 'sprintf'
   20 | #include "main.h"
  +++ |+#include <stdio.h>
   21 | 
../Core/Src/main.c:144:11: warning: incompatible implicit declaration of built-in function 'sprintf' [-Wbuiltin-declaration-mismatch]
  144 |           sprintf(txd_msg_buffer, "\e[1;1H\e[2J");
      |           ^~~~~~~
../Core/Src/main.c:144:11: note: include '<stdio.h>' or provide a declaration of 'sprintf'
../Core/Src/main.c:145:53: warning: implicit declaration of function 'strlen' [-Wimplicit-function-declaration]
  145 |           HAL_UART_Transmit(&huart6,txd_msg_buffer, strlen((char*)txd_msg_buffer), 1000);
      |                                                     ^~~~~~
../Core/Src/main.c:21:1: note: include '<string.h>' or provide a declaration of 'strlen'
   20 | #include "main.h"
  +++ |+#include <string.h>
   21 | 
../Core/Src/main.c:145:53: warning: incompatible implicit declaration of built-in function 'strlen' [-Wbuiltin-declaration-mismatch]
  145 |           HAL_UART_Transmit(&huart6,txd_msg_buffer, strlen((char*)txd_msg_buffer), 1000);
      |                                                     ^~~~~~
../Core/Src/main.c:145:53: note: include '<string.h>' or provide a declaration of 'strlen'
../Core/Src/main.c:145:37: warning: pointer targets in passing argument 2 of 'HAL_UART_Transmit' differ in signedness [-Wpointer-sign]
  145 |           HAL_UART_Transmit(&huart6,txd_msg_buffer, strlen((char*)txd_msg_buffer), 1000);
      |                                     ^~~~~~~~~~~~~~
      |                                     |
      |                                     char *
In file included from ../Core/Inc/stm32f4xx_hal_conf.h:411,
                 from ../Drivers/STM32F4xx_HAL_Driver/Inc/stm32f4xx_hal.h:29,
                 from ../Core/Inc/main.h:30,
                 from ../Core/Src/main.c:20:
../Drivers/STM32F4xx_HAL_Driver/Inc/stm32f4xx_hal_uart.h:722:79: note: expected 'const uint8_t *' {aka 'const unsigned char *'} but argument is of type 'char *'
  722 | HAL_StatusTypeDef HAL_UART_Transmit(UART_HandleTypeDef *huart, const uint8_t *pData, uint16_t Size, uint32_t Timeout);
      |                                                                ~~~~~~~~~~~~~~~^~~~~
../Core/Src/main.c:149:37: warning: pointer targets in passing argument 2 of 'HAL_UART_Transmit' differ in signedness [-Wpointer-sign]
  149 |           HAL_UART_Transmit(&huart6,txd_msg_buffer, strlen((char*)txd_msg_buffer), 1000);
      |                                     ^~~~~~~~~~~~~~
      |                                     |
      |                                     char *
In file included from ../Core/Inc/stm32f4xx_hal_conf.h:411,
                 from ../Drivers/STM32F4xx_HAL_Driver/Inc/stm32f4xx_hal.h:29,
                 from ../Core/Inc/main.h:30,
                 from ../Core/Src/main.c:20:
../Drivers/STM32F4xx_HAL_Driver/Inc/stm32f4xx_hal_uart.h:722:79: note: expected 'const uint8_t *' {aka 'const unsigned char *'} but argument is of type 'char *'
  722 | HAL_StatusTypeDef HAL_UART_Transmit(UART_HandleTypeDef *huart, const uint8_t *pData, uint16_t Size, uint32_t Timeout);
      |                                                                ~~~~~~~~~~~~~~~^~~~~
arm-none-eabi-gcc -o "Wall_Clock.elf" @"objects.list"   -mcpu=cortex-m4 -T"C:\Users\Kago\Desktop\ECE298\stm32_ide_workspace\Wall_Clock\STM32F401RETX_FLASH.ld" --specs=nosys.specs -Wl,-Map="Wall_Clock.map" -Wl,--gc-sections -static --specs=nano.specs -mfpu=fpv4-sp-d16 -mfloat-abi=hard -mthumb -Wl,--start-group -lc -lm -Wl,--end-group
Finished building target: Wall_Clock.elf
 
arm-none-eabi-size   Wall_Clock.elf 
arm-none-eabi-objdump -h -S  Wall_Clock.elf  > "Wall_Clock.list"
   text	   data	    bss	    dec	    hex	filename
  13812	    100	   2380	  16292	   3fa4	Wall_Clock.elf
Finished building: default.size.stdout
 
Finished building: Wall_Clock.list
 

12:01:55 Build Finished. 0 errors, 6 warnings. (took 1s.604ms)

